// Jest Snapshot v1, https://goo.gl/fbAQLP

exports[`idxResponseParser parseIdxResponse builds remediation for authenticator-verify-select-authenticator 1`] = `
Object {
  "accepts": "application/vnd.okta.v1+json",
  "action": undefined,
  "href": "http://localhost:3000/idp/idx/challenge",
  "method": "POST",
  "name": "select-authenticator-authenticate",
  "rel": Array [
    "create-form",
  ],
  "value": Array [
    Object {
      "name": "authenticator",
      "options": Array [
        Object {
          "label": "Okta Password",
          "relatesTo": Object {
            "authenticatorId": "aidwboITrg4b4yAYd0g3",
            "displayName": "Okta Password",
            "id": "autwa6eD9o02iBbtv0g1",
            "type": "password",
          },
          "value": Object {
            "form": Object {
              "value": Array [
                Object {
                  "mutable": false,
                  "name": "id",
                  "required": true,
                  "value": "aidwboITrg4b4yAYd0g3",
                },
                Object {
                  "mutable": false,
                  "name": "methodType",
                  "required": false,
                  "value": "password",
                },
              ],
            },
          },
        },
        Object {
          "label": "FIDO2 (WebAuthn)",
          "relatesTo": Object {
            "authenticatorId": "aidtheidkwh282hv8g3",
            "displayName": "FIDO2 (WebAuthn)",
            "id": "autwa6eD9o02iBbtv0g2",
            "type": "security_key",
          },
          "value": Object {
            "form": Object {
              "value": Array [
                Object {
                  "mutable": false,
                  "name": "id",
                  "required": true,
                  "value": "fwftheidkwh282hv8g3",
                  "visible": false,
                },
                Object {
                  "mutable": false,
                  "name": "methodType",
                  "required": false,
                  "value": "webauthn",
                  "visible": false,
                },
              ],
            },
          },
        },
        Object {
          "label": "FIDO2 (WebAuthn)",
          "relatesTo": Object {
            "authenticatorId": "fwftheidkwh282hv8g3",
            "displayName": "FIDO2 (WebAuthn)",
            "id": "autwa6eD9o02iBbtv0g2",
            "type": "security_key",
          },
          "value": Object {
            "form": Object {
              "value": Array [
                Object {
                  "mutable": false,
                  "name": "id",
                  "required": true,
                  "value": "aidtheidkwh282hv8g3",
                  "visible": false,
                },
                Object {
                  "mutable": false,
                  "name": "methodType",
                  "required": false,
                  "value": "webauthn",
                  "visible": false,
                },
              ],
            },
          },
        },
        Object {
          "label": "Okta Email",
          "relatesTo": Object {
            "authenticatorId": "aidtm56L8gXXHI1SD0g3",
            "displayName": "Okta Email",
            "id": "autwa6eD9o02iBbtv0g3",
            "methods": Array [
              Object {
                "methodType": "email",
              },
            ],
            "type": "email",
          },
          "value": Object {
            "form": Object {
              "value": Array [
                Object {
                  "mutable": false,
                  "name": "id",
                  "required": true,
                  "value": "aidtm56L8gXXHI1SD0g3",
                  "visible": false,
                },
                Object {
                  "mutable": false,
                  "name": "methodType",
                  "required": false,
                  "value": "email",
                },
              ],
            },
          },
        },
        Object {
          "label": "Okta Phone",
          "relatesTo": Object {
            "authenticatorId": "aid568g3mXgtID0X1SLH",
            "displayName": "Okta Phone",
            "id": "autwa6eD9o02iBbsta82",
            "type": "phone",
          },
          "value": Object {
            "form": Object {
              "value": Array [
                Object {
                  "mutable": false,
                  "name": "id",
                  "required": true,
                  "value": "aid568g3mXgtID0X1SLH",
                  "visible": false,
                },
              ],
            },
          },
        },
        Object {
          "label": "Okta Security Question",
          "relatesTo": Object {
            "authenticatorId": "aid568g3mXgtID0HHSLH",
            "displayName": "Okta Security Question",
            "id": "autwa6eD9o02iBbaaa82",
            "type": "security_question",
          },
          "value": Object {
            "form": Object {
              "value": Array [
                Object {
                  "mutable": false,
                  "name": "id",
                  "required": true,
                  "value": "aid568g3mXgtID0HHSLH",
                  "visible": false,
                },
              ],
            },
          },
        },
      ],
      "type": "object",
    },
    Object {
      "mutable": false,
      "name": "stateHandle",
      "required": true,
      "value": "eyJ6aXAiOiJERUYiLCJhbGlhcyI6ImVuY3J5cHRpb25rZXkiLCJ2ZXIiOiIxIiwib2lkIjoiMDBvdnhhU2NRWG9TbzJvMjAwZzMiLCJlbmMiOiJBMjU2R0NNIiwiYWxnIjoiZGlyIn0..40AFMvA7ix6FA2oE.Q6jiZeKfCdON5wqqMdiDQCtgLctrIrpnQzKEwub6L5KvFWcgVpdEFcoOvT1WIq9EUVOg2m_vFLV7b-PVSoCBKhKzl0IujmkjC5XyTwnDBMmJt-2-BMez0kIkABNI1BpffStyt8uJiUqGifVrZ6AqXr6zCpkGK5f7-Mu_rVF8NS2P580n2_2p9MO9haf-z56-i3DfkX-xM1a3_AQXUGr_RzDXWPXZf6mPUhYtouJz7Qdpt6n9agvqasuSz8JLehX9TIN9Y4k_M7JKxaYfdOv9Bnp7zSEtVQeG2ADzbIMKBRXA1bP_TZ7EKHInCu4gz8JR3febZLz8EZq-kaknBB_S3AvkjtzkrUyfUNo31xZhoTWO2kiMJlo_zLRqMKW8xqPNYKjtYo9rXR_v4_wA3hOCKFyKkqCD8U1Y6bbVwoicDHOZ4fNZOtcAVB8BJ8HzpAYzF8bCKHCD9CLgIU8eCezTo_Fo90Zm138Hu0rJc0LCNlG26RFv7DZ89fJbFqobS_y8bbB-MC0wsBBxf1kx1lEFUCqZFNottzXtRnpYKqvurBj_IsV9YtO9T35WZanr2gfbl98R2YpRGMF4pfp3d_6ltntY8-a8VK9cUlkjzBNXH46O-MzOTeuWQ7XgcEqK_MNENs4JMGTixBUQeQjPaDvJ_djCigciq1qyf2peAZBDlR5lozoJbNNQtxnXTYBresTm5RvEQ7qWo5IQlNDnK9Ir5pQdgM1NTPYiVDEt4TFZ4ZjLgycdLSSOv6HSw9bS85avNswJBXwlYBDHML5NpfGL-6m8uoPmtRqCG1HTFgLdSo1iGkcPtO8zcymNlUpevIEhX8QAf0GTK66723e0Qmz8lLDcsVCBVmyvFAENJ2gnR48p4Dt96nH7KRnrXOXUYa1LxJZr_ZeT7K-5WXw5a-dESuxvg18M993Kw6yDwSHsZ-6UeppWg3PPo7dKRE1aX9fisQP1uRCJzk1CtWxPu2GcFs9UZpszLuv1Y8r9DDH7FSgzlyULzOXVcNaLzkm5-RH7jxeRTiOOZxhOBIUuVgUUnkm6x4K23-TYxf4HgV_vWrQmIdEjaP5NuYRPfLkdM8qAWCkuz5r48yjl6T5XRg1wKG7OX0JZLjbmcJsTNagXSHbPsXuBd0te_fgNYT54_eGkIIklr4LbOEhKGNpZSXSWPbTPT7zhbebrUGglldI37k8WldRGywq_ZvZX6W5hucD_yWBqqXBq45LW_iNlAvtUIXBkq4WuPgWaYRIjqWnUxbAZkL_5ejddr18MOmbwV8ftbtYhvnYbYqBvDaqpsXoVKBT0g8ZTXuSs36Rrxi6wyBnXVcM0RrC8YhU6ybBWiovNo2chyPSPhFAvmJVmVL2t3lbA7SoBnWQvNtspHY8Xd8KNf-MUSuhHKXfrSRPwWC23D9qSxoUC0ubIINYBLD-WHYv_Yn7RBU7IQ4fzoLJrE6mUBz9tZ79drLOLd7vbe8MPpWJI-MHCTHD6XTMAWqd5q22EGAUa29XV4Jl4E6xZg8CybaOUOVpuia35UPLpCKK0wDofdAAUcPCo-hj7OH3U0XsCccF0GHfo7cqoYQanqfu7mypeGEf9_471KYQVNSlc1TGrrngY6_KRBMKDcx7fZne4ypsJfumhrpfbEkeltfwFsGVs1--2bFksLI8esRxR1qUHzT0.hCv29YrLBFcW8TjKwSmCXQ",
      "visible": false,
    },
  ],
}
`;

exports[`idxResponseParser parseIdxResponse builds remediation functions for authenticator-verify-password 1`] = `
Object {
  "accepts": "application/vnd.okta.v1+json",
  "action": undefined,
  "href": "http://localhost:3000/idp/idx/challenge/answer",
  "method": "POST",
  "name": "challenge-authenticator",
  "rel": Array [
    "create-form",
  ],
  "relatesTo": Object {
    "type": "object",
    "value": Object {
      "authenticatorId": "autwa6eD9o02iBbtv0g1",
      "displayName": "Okta Password",
      "id": "aidwboITrg4b4yAYd0g3",
      "profile": Object {
        "name": "Okta Password",
      },
      "recover": Object {
        "accepts": "application/vnd.okta.v1+json",
        "href": "http://localhost:3000/idp/idx/recover",
        "method": "POST",
        "name": "recover",
        "rel": Array [
          "create-form",
        ],
        "value": Array [
          Object {
            "mutable": false,
            "name": "stateHandle",
            "required": true,
            "value": "eyJ6aXAiOiJERUYiLCJhbGlhcyI6ImVuY3J5cHRpb25rZXkiLCJ2ZXIiOiIxIiwib2lkIjoiMDBvdnhhU2NRWG9TbzJvMjAwZzMiLCJlbmMiOiJBMjU2R0NNIiwiYWxnIjoiZGlyIn0..BzXIPn5dlBQ4QOXC.rERhFXlDsEIL7712M4I4JI9JjKaQ0MLUY-8gXipZJ_g6BR5tK5PlRhN-jYGFm6v83o-wY3SmkLiMNo_stFSi4bCgmYGBslfqd9ZzH7Jq3Ouh94BrXD02PDNe2eWK5dDr6nhwITcQUDgqIH7RYs_0us1vpaZSrdTMmfSeiptpYrRl4KQAv5BV5aA5CRtLQa-LpKdtq0hm0NBlrY2-OU-d82QwAKEytlyKlxIvofBiuK6b1TgW0U9l1FG0LYLtWcist2O3jT-1eQo74R0IaxiYWnko95xaPx7VkRIjqBTuZgaVPKrHcob0TKTKQftPN3tFu9Ex44Ym-v6bjrzHBC0CnIr9AYBmbCrFGBT9G9LXGbE0mTSktO25pvoxb8iv4tlT7NRbaWWgaEHfLyN-aCDIADFsbBiUSoUtDtNGLKUWUNjU8h27ZYo5d68mhz9h04rWJSGIUuEu4Stea6zTmizYZKaPVVNKmoV3BAnHnf0naSAsviifMOUicx6BFnJTpXPcNmkZ5O0mqU-qdL4E80qYTcFwCAKHX1U4m-98odNMYs61hsVgoBUzpYSHWXQEIycsbErepqOKtovmEDXIQ6Sipb3n6kRpGjHoWHUdljESOUbQ_Dbn5smn2QaLlAIKaJzIPT65z2BVdA4Y0v9QUDwfuwu9Kb4CGWkLeBmFSu91zLx2cYnItEPXDENWJPI4VNfImbWlG62zAA0EFyDXo99G6D9ZgVuem9lXN4LtzIQt1BFKyH8SRYntk3bvT3es1l8XKdnxyIAEbYbODNu2nJiMRYoKM5lZVQ86ffhKP2g8PmwFIruVWWLhNY1r_sshuv5ONDpY9B6k3zRpg7iBQKJ9dSlHz1t9KQIpF-ezgTWuyaFyXHP5ezOGqF8RIj0R5Vc9dqDaR-Gbd2_gD2fx2v_LBxYntUDqzQLG3lPIvJlPVI9RzrdaRiABPTWEhf33xurBpbGXmpP2-t9Qckdc8TiIt7zS2vVUF3Sm_K-rlykotv07xUMnPkTz-yu0TyLUCzUojQ3xoaLIPQBRtKj7KK5r_il5atIHiabm-grb3S2s7bNEWpgDTmAxPOVKufQStpBXL8kghehLUHZ75ovoXeJqaQSDgncBk8GoP7XAgIBZuPjgYF30orMH14ttldEKFaO2gwGQQM8nnrKVwHbpyd32bwEyNyzIH-tnmVoXvU49nnzQNPlfS9S_-WeFI3OivdGbNFiITj-nKWPYiJWeXTfr4AYwDaEOGv0baV_zi3MMdptnT6I5TPjQEik5N5vDC8OJIhMsj9p9-7Gso13SNwr3i1ib0loQdnY7g6IuMuamlbZr-hhJESiOFKvSsVPqxnM3GXy5fichm7a188ihS8-SxTOznosdm3ftUOC1g7D4MzoRJbgA2E2PQCeyhxGYmdAaLRi3zt9iqcQYPvkEdiqHdKqTKArN-9JpsDuM7UM5lMkmmEgmi04PSVCqbAdw0z2cH3wU9705EyA0FA654wo-NaHhRrmup1LAFDPZg6NUW3X_C3jd6RkmPsjgVVm-H5YD9JsMqClcbzLEGz6SYtWyPDpPu0JH0GqOk-HHX8jfFZaRVM0ZnL0_BtU5G3B3OEyxMbl_yOQTdwMCT9Ete3Y1yAEUoJMyOwetCQRUdAH3DPHH3-4KAmJMaVMsMAI_h7DUwAvbUgiUKdr3g3an3vOxPtZI2apy9sv_Wj3DTJfwPm9axjK-laVNUKFnrweURmn4mRa74pWNf-CS1s9Izgg2yxY7fib9DlK6pkgC9nBGrpocMTJWFJI.N3s3-GTo9GSC0YG-MSmMfw",
            "visible": false,
          },
        ],
      },
      "type": "password",
    },
  },
  "value": Array [
    Object {
      "form": Object {
        "value": Array [
          Object {
            "label": "Password",
            "name": "passcode",
            "secret": true,
          },
        ],
      },
      "name": "credentials",
    },
    Object {
      "mutable": false,
      "name": "stateHandle",
      "required": true,
      "value": "eyJ6aXAiOiJERUYiLCJhbGlhcyI6ImVuY3J5cHRpb25rZXkiLCJ2ZXIiOiIxIiwib2lkIjoiMDBvdnhhU2NRWG9TbzJvMjAwZzMiLCJlbmMiOiJBMjU2R0NNIiwiYWxnIjoiZGlyIn0..BzXIPn5dlBQ4QOXC.rERhFXlDsEIL7712M4I4JI9JjKaQ0MLUY-8gXipZJ_g6BR5tK5PlRhN-jYGFm6v83o-wY3SmkLiMNo_stFSi4bCgmYGBslfqd9ZzH7Jq3Ouh94BrXD02PDNe2eWK5dDr6nhwITcQUDgqIH7RYs_0us1vpaZSrdTMmfSeiptpYrRl4KQAv5BV5aA5CRtLQa-LpKdtq0hm0NBlrY2-OU-d82QwAKEytlyKlxIvofBiuK6b1TgW0U9l1FG0LYLtWcist2O3jT-1eQo74R0IaxiYWnko95xaPx7VkRIjqBTuZgaVPKrHcob0TKTKQftPN3tFu9Ex44Ym-v6bjrzHBC0CnIr9AYBmbCrFGBT9G9LXGbE0mTSktO25pvoxb8iv4tlT7NRbaWWgaEHfLyN-aCDIADFsbBiUSoUtDtNGLKUWUNjU8h27ZYo5d68mhz9h04rWJSGIUuEu4Stea6zTmizYZKaPVVNKmoV3BAnHnf0naSAsviifMOUicx6BFnJTpXPcNmkZ5O0mqU-qdL4E80qYTcFwCAKHX1U4m-98odNMYs61hsVgoBUzpYSHWXQEIycsbErepqOKtovmEDXIQ6Sipb3n6kRpGjHoWHUdljESOUbQ_Dbn5smn2QaLlAIKaJzIPT65z2BVdA4Y0v9QUDwfuwu9Kb4CGWkLeBmFSu91zLx2cYnItEPXDENWJPI4VNfImbWlG62zAA0EFyDXo99G6D9ZgVuem9lXN4LtzIQt1BFKyH8SRYntk3bvT3es1l8XKdnxyIAEbYbODNu2nJiMRYoKM5lZVQ86ffhKP2g8PmwFIruVWWLhNY1r_sshuv5ONDpY9B6k3zRpg7iBQKJ9dSlHz1t9KQIpF-ezgTWuyaFyXHP5ezOGqF8RIj0R5Vc9dqDaR-Gbd2_gD2fx2v_LBxYntUDqzQLG3lPIvJlPVI9RzrdaRiABPTWEhf33xurBpbGXmpP2-t9Qckdc8TiIt7zS2vVUF3Sm_K-rlykotv07xUMnPkTz-yu0TyLUCzUojQ3xoaLIPQBRtKj7KK5r_il5atIHiabm-grb3S2s7bNEWpgDTmAxPOVKufQStpBXL8kghehLUHZ75ovoXeJqaQSDgncBk8GoP7XAgIBZuPjgYF30orMH14ttldEKFaO2gwGQQM8nnrKVwHbpyd32bwEyNyzIH-tnmVoXvU49nnzQNPlfS9S_-WeFI3OivdGbNFiITj-nKWPYiJWeXTfr4AYwDaEOGv0baV_zi3MMdptnT6I5TPjQEik5N5vDC8OJIhMsj9p9-7Gso13SNwr3i1ib0loQdnY7g6IuMuamlbZr-hhJESiOFKvSsVPqxnM3GXy5fichm7a188ihS8-SxTOznosdm3ftUOC1g7D4MzoRJbgA2E2PQCeyhxGYmdAaLRi3zt9iqcQYPvkEdiqHdKqTKArN-9JpsDuM7UM5lMkmmEgmi04PSVCqbAdw0z2cH3wU9705EyA0FA654wo-NaHhRrmup1LAFDPZg6NUW3X_C3jd6RkmPsjgVVm-H5YD9JsMqClcbzLEGz6SYtWyPDpPu0JH0GqOk-HHX8jfFZaRVM0ZnL0_BtU5G3B3OEyxMbl_yOQTdwMCT9Ete3Y1yAEUoJMyOwetCQRUdAH3DPHH3-4KAmJMaVMsMAI_h7DUwAvbUgiUKdr3g3an3vOxPtZI2apy9sv_Wj3DTJfwPm9axjK-laVNUKFnrweURmn4mRa74pWNf-CS1s9Izgg2yxY7fib9DlK6pkgC9nBGrpocMTJWFJI.N3s3-GTo9GSC0YG-MSmMfw",
      "visible": false,
    },
  ],
}
`;
